━━━━━━━━━━━━━━━━━━━━━━━━━━━━━━━━━━━━━━━━━━━━━━━━━━━━━
  AudioForge Mass Build - All Preset Plugins
━━━━━━━━━━━━━━━━━━━━━━━━━━━━━━━━━━━━━━━━━━━━━━━━━━━━━

━━━━━━━━━━━━━━━━━━━━━━━━━━━━━━━━━━━━━━━━━━━━━━━━━━━━━
  Building: AcousticBass
━━━━━━━━━━━━━━━━━━━━━━━━━━━━━━━━━━━━━━━━━━━━━━━━━━━━━
  [1/3] Configuring...
  [2/3] Building...
  ❌ Build failed - see plugins/AcousticBass/build_compile.log
  Last errors:
    /Users/kentino/Projects/Active/AudioForge/plugins/AcousticBass/Source/PluginProcessor.cpp:126:29: error: use of undeclared identifier 'xml'
    /Users/kentino/Projects/Active/AudioForge/plugins/AcousticBass/Source/PluginProcessor.cpp:128:31: error: use of undeclared identifier 'xml'
━━━━━━━━━━━━━━━━━━━━━━━━━━━━━━━━━━━━━━━━━━━━━━━━━━━━━
  Building: AnalogKick
━━━━━━━━━━━━━━━━━━━━━━━━━━━━━━━━━━━━━━━━━━━━━━━━━━━━━
  [1/3] Configuring...
  [2/3] Building...
  [3/3] Verifying...
  ✅ SUCCESS: AnalogKick
━━━━━━━━━━━━━━━━━━━━━━━━━━━━━━━━━━━━━━━━━━━━━━━━━━━━━
  Building: AutoPanner
━━━━━━━━━━━━━━━━━━━━━━━━━━━━━━━━━━━━━━━━━━━━━━━━━━━━━
  [1/3] Configuring...
  [2/3] Building...
  ❌ Build failed - see plugins/AutoPanner/build_compile.log
  Last errors:
    /Users/kentino/Projects/Active/AudioForge/plugins/AutoPanner/Source/PluginProcessor.cpp:56:31: error: use of undeclared identifier 'xmlState'
━━━━━━━━━━━━━━━━━━━━━━━━━━━━━━━━━━━━━━━━━━━━━━━━━━━━━
  Building: BrassSection
━━━━━━━━━━━━━━━━━━━━━━━━━━━━━━━━━━━━━━━━━━━━━━━━━━━━━
  [1/3] Configuring...
  [2/3] Building...
  ❌ Build failed - see plugins/BrassSection/build_compile.log
  Last errors:
    /Users/kentino/Projects/Active/AudioForge/plugins/BrassSection/Source/PluginProcessor.cpp:180:29: error: use of undeclared identifier 'xml'
    /Users/kentino/Projects/Active/AudioForge/plugins/BrassSection/Source/PluginProcessor.cpp:182:31: error: use of undeclared identifier 'xml'
━━━━━━━━━━━━━━━━━━━━━━━━━━━━━━━━━━━━━━━━━━━━━━━━━━━━━
  Building: ClassicMonosynth
━━━━━━━━━━━━━━━━━━━━━━━━━━━━━━━━━━━━━━━━━━━━━━━━━━━━━
  [1/3] Configuring...
  [2/3] Building...
  ❌ Build failed - see plugins/ClassicMonosynth/build_compile.log
  Last errors:
    /Users/kentino/Projects/Active/AudioForge/plugins/ClassicMonosynth/Source/PluginProcessor.cpp:158:29: error: use of undeclared identifier 'xml'
    /Users/kentino/Projects/Active/AudioForge/plugins/ClassicMonosynth/Source/PluginProcessor.cpp:160:31: error: use of undeclared identifier 'xml'
━━━━━━━━━━━━━━━━━━━━━━━━━━━━━━━━━━━━━━━━━━━━━━━━━━━━━
  Building: DrumSynth
━━━━━━━━━━━━━━━━━━━━━━━━━━━━━━━━━━━━━━━━━━━━━━━━━━━━━
  [1/3] Configuring...
  [2/3] Building...
  ❌ Build failed - see plugins/DrumSynth/build_compile.log
  Last errors:
    /Users/kentino/Projects/Active/AudioForge/plugins/DrumSynth/Source/../../../shared/preset/PresetManager.h:7:7: error: redefinition of 'PresetManager'
━━━━━━━━━━━━━━━━━━━━━━━━━━━━━━━━━━━━━━━━━━━━━━━━━━━━━
  Building: ElectricPiano
━━━━━━━━━━━━━━━━━━━━━━━━━━━━━━━━━━━━━━━━━━━━━━━━━━━━━
  [1/3] Configuring...
  [2/3] Building...
  ❌ Build failed - see plugins/ElectricPiano/build_compile.log
  Last errors:
    /Users/kentino/Projects/Active/AudioForge/plugins/ElectricPiano/Source/PluginProcessor.cpp:224:29: error: use of undeclared identifier 'xml'
    /Users/kentino/Projects/Active/AudioForge/plugins/ElectricPiano/Source/PluginProcessor.cpp:226:31: error: use of undeclared identifier 'xml'
━━━━━━━━━━━━━━━━━━━━━━━━━━━━━━━━━━━━━━━━━━━━━━━━━━━━━
  Building: FMSynth
━━━━━━━━━━━━━━━━━━━━━━━━━━━━━━━━━━━━━━━━━━━━━━━━━━━━━
  [1/3] Configuring...
  [2/3] Building...
