[  1%] Building CXX object CMakeFiles/Gate.dir/Source/PluginProcessor.cpp.o
[  2%] Building CXX object CMakeFiles/Gate.dir/Source/PluginEditor.cpp.o
In file included from /Users/kentino/Projects/Active/AudioForge/plugins/Gate/Source/PluginEditor.cpp:13:
/Users/kentino/Projects/Active/AudioForge/JUCE/modules/../../shared/ui/AudioForgeTheme.h:140:19: warning: 'Font' is deprecated: Use the constructor that takes a FontOptions argument [-Wdeprecated-declarations]
  140 |         g.setFont(juce::Font(Typography::Title, Typography::Bold));
      |                   ^
/Users/kentino/Projects/Active/AudioForge/JUCE/modules/juce_graphics/fonts/juce_Font.h:76:7: note: 'Font' has been explicitly marked deprecated here
   76 |     [[deprecated ("Use the constructor that takes a FontOptions argument")]]
      |       ^
In file included from /Users/kentino/Projects/Active/AudioForge/plugins/Gate/Source/PluginEditor.cpp:13:
/Users/kentino/Projects/Active/AudioForge/JUCE/modules/../../shared/ui/AudioForgeTheme.h:140:19: warning: 'Font' is deprecated: Use the constructor that takes a FontOptions argument [-Wdeprecated-declarations]
  140 |         g.setFont(juce::Font(Typography::Title, Typography::Bold));
      |                   ^
/Users/kentino/Projects/Active/AudioForge/JUCE/modules/juce_graphics/fonts/juce_Font.h:76:7: note: 'Font' has been explicitly marked deprecated here
   76 |     [[deprecated ("Use the constructor that takes a FontOptions argument")]]
      |       ^
In file included from /Users/kentino/Projects/Active/AudioForge/plugins/Gate/Source/PluginEditor.cpp:13:
/Users/kentino/Projects/Active/AudioForge/JUCE/modules/../../shared/ui/AudioForgeTheme.h:146:23: warning: 'Font' is deprecated: Use the constructor that takes a FontOptions argument [-Wdeprecated-declarations]
  146 |             g.setFont(juce::Font(Typography::Subtitle, Typography::Regular));
      |                       ^
/Users/kentino/Projects/Active/AudioForge/JUCE/modules/juce_graphics/fonts/juce_Font.h:76:7: note: 'Font' has been explicitly marked deprecated here
   76 |     [[deprecated ("Use the constructor that takes a FontOptions argument")]]
      |       ^
In file included from /Users/kentino/Projects/Active/AudioForge/plugins/Gate/Source/PluginEditor.cpp:13:
/Users/kentino/Projects/Active/AudioForge/JUCE/modules/../../shared/ui/AudioForgeTheme.h:146:23: warning: 'Font' is deprecated: Use the constructor that takes a FontOptions argument [-Wdeprecated-declarations]
  146 |             g.setFont(juce::Font(Typography::Subtitle, Typography::Regular));
      |                       ^
/Users/kentino/Projects/Active/AudioForge/JUCE/modules/juce_graphics/fonts/juce_Font.h:76:7: note: 'Font' has been explicitly marked deprecated here
   76 |     [[deprecated ("Use the constructor that takes a FontOptions argument")]]
      |       ^
/Users/kentino/Projects/Active/AudioForge/plugins/Gate/Source/PluginEditor.cpp:19:37: error: no member named 'getPresetManager' in 'GateAudioProcessor'
   19 |       presetBrowser_(audioProcessor.getPresetManager())
      |                      ~~~~~~~~~~~~~~ ^
/Users/kentino/Projects/Active/AudioForge/plugins/Gate/Source/PluginEditor.cpp:157:15: warning: 'Font' is deprecated: Use the constructor that takes a FontOptions argument [-Wdeprecated-declarations]
  157 |     g.setFont(juce::Font(Typography::Heading, Typography::Bold));
      |               ^
/Users/kentino/Projects/Active/AudioForge/JUCE/modules/juce_graphics/fonts/juce_Font.h:76:7: note: 'Font' has been explicitly marked deprecated here
   76 |     [[deprecated ("Use the constructor that takes a FontOptions argument")]]
      |       ^
/Users/kentino/Projects/Active/AudioForge/plugins/Gate/Source/PluginEditor.cpp:157:15: warning: 'Font' is deprecated: Use the constructor that takes a FontOptions argument [-Wdeprecated-declarations]
  157 |     g.setFont(juce::Font(Typography::Heading, Typography::Bold));
      |               ^
/Users/kentino/Projects/Active/AudioForge/JUCE/modules/juce_graphics/fonts/juce_Font.h:76:7: note: 'Font' has been explicitly marked deprecated here
   76 |     [[deprecated ("Use the constructor that takes a FontOptions argument")]]
      |       ^
6 warnings and 1 error generated.
make[2]: *** [CMakeFiles/Gate.dir/Source/PluginEditor.cpp.o] Error 1
make[1]: *** [CMakeFiles/Gate.dir/all] Error 2
make: *** [all] Error 2
