[  1%] Building CXX object CMakeFiles/FreezeFX.dir/Source/PluginProcessor.cpp.o
/Users/kentino/Projects/Active/AudioForge/plugins/FreezeFX/Source/PluginProcessor.cpp:128:32: warning: implicit conversion changes signedness: 'int' to 'size_type' (aka 'unsigned long') [-Wsign-conversion]
  128 |     tempFrozenMagnitude.resize(numBins);
      |                         ~~~~~~ ^~~~~~~
/Users/kentino/Projects/Active/AudioForge/plugins/FreezeFX/Source/PluginProcessor.cpp:129:28: warning: implicit conversion changes signedness: 'int' to 'size_type' (aka 'unsigned long') [-Wsign-conversion]
  129 |     tempFrozenPhase.resize(numBins);
      |                     ~~~~~~ ^~~~~~~
/Users/kentino/Projects/Active/AudioForge/plugins/FreezeFX/Source/PluginProcessor.cpp:165:11: warning: unused variable 'freezeMix' [-Wunused-variable]
  165 |     float freezeMix = apvts.getRawParameterValue(PARAM_FREEZE_MIX)->load();
      |           ^~~~~~~~~
/Users/kentino/Projects/Active/AudioForge/plugins/FreezeFX/Source/PluginProcessor.cpp:227:46: warning: implicit conversion loses floating-point precision: 'double' to 'float' [-Wimplicit-float-conversion]
  227 |     float deltaTime = 1.0f / getSampleRate() * spectralProcessor.getHopSize();
      |           ~~~~~~~~~   ~~~~~~~~~~~~~~~~~~~~~~~^~~~~~~~~~~~~~~~~~~~~~~~~~~~~~~~
4 warnings generated.
[  3%] Building CXX object CMakeFiles/FreezeFX.dir/Source/PluginEditor.cpp.o
In file included from /Users/kentino/Projects/Active/AudioForge/plugins/FreezeFX/Source/PluginEditor.cpp:2:
/Users/kentino/Projects/Active/AudioForge/JUCE/modules/../../shared/ui/AudioForgeTheme.h:140:19: warning: 'Font' is deprecated: Use the constructor that takes a FontOptions argument [-Wdeprecated-declarations]
  140 |         g.setFont(juce::Font(Typography::Title, Typography::Bold));
      |                   ^
/Users/kentino/Projects/Active/AudioForge/JUCE/modules/juce_graphics/fonts/juce_Font.h:76:7: note: 'Font' has been explicitly marked deprecated here
   76 |     [[deprecated ("Use the constructor that takes a FontOptions argument")]]
      |       ^
In file included from /Users/kentino/Projects/Active/AudioForge/plugins/FreezeFX/Source/PluginEditor.cpp:2:
/Users/kentino/Projects/Active/AudioForge/JUCE/modules/../../shared/ui/AudioForgeTheme.h:140:19: warning: 'Font' is deprecated: Use the constructor that takes a FontOptions argument [-Wdeprecated-declarations]
  140 |         g.setFont(juce::Font(Typography::Title, Typography::Bold));
      |                   ^
/Users/kentino/Projects/Active/AudioForge/JUCE/modules/juce_graphics/fonts/juce_Font.h:76:7: note: 'Font' has been explicitly marked deprecated here
   76 |     [[deprecated ("Use the constructor that takes a FontOptions argument")]]
      |       ^
In file included from /Users/kentino/Projects/Active/AudioForge/plugins/FreezeFX/Source/PluginEditor.cpp:2:
/Users/kentino/Projects/Active/AudioForge/JUCE/modules/../../shared/ui/AudioForgeTheme.h:146:23: warning: 'Font' is deprecated: Use the constructor that takes a FontOptions argument [-Wdeprecated-declarations]
  146 |             g.setFont(juce::Font(Typography::Subtitle, Typography::Regular));
      |                       ^
/Users/kentino/Projects/Active/AudioForge/JUCE/modules/juce_graphics/fonts/juce_Font.h:76:7: note: 'Font' has been explicitly marked deprecated here
   76 |     [[deprecated ("Use the constructor that takes a FontOptions argument")]]
      |       ^
In file included from /Users/kentino/Projects/Active/AudioForge/plugins/FreezeFX/Source/PluginEditor.cpp:2:
/Users/kentino/Projects/Active/AudioForge/JUCE/modules/../../shared/ui/AudioForgeTheme.h:146:23: warning: 'Font' is deprecated: Use the constructor that takes a FontOptions argument [-Wdeprecated-declarations]
  146 |             g.setFont(juce::Font(Typography::Subtitle, Typography::Regular));
      |                       ^
/Users/kentino/Projects/Active/AudioForge/JUCE/modules/juce_graphics/fonts/juce_Font.h:76:7: note: 'Font' has been explicitly marked deprecated here
   76 |     [[deprecated ("Use the constructor that takes a FontOptions argument")]]
      |       ^
/Users/kentino/Projects/Active/AudioForge/plugins/FreezeFX/Source/PluginEditor.cpp:8:37: error: no member named 'getPresetManager' in 'FreezeFXProcessor'
    8 |       presetBrowser_(audioProcessor.getPresetManager())
      |                      ~~~~~~~~~~~~~~ ^
4 warnings and 1 error generated.
make[2]: *** [CMakeFiles/FreezeFX.dir/Source/PluginEditor.cpp.o] Error 1
make[1]: *** [CMakeFiles/FreezeFX.dir/all] Error 2
make: *** [all] Error 2
