[  0%] Building CXX object shared/CMakeFiles/AudioForgePresets.dir/presets/PresetManager.cpp.o
[  1%] Building CXX object shared/CMakeFiles/AudioForgePresets.dir/Users/kentino/Projects/Active/AudioForge/JUCE/modules/juce_core/juce_core_CompilationTime.cpp.o
[  2%] Building C object shared/CMakeFiles/AudioForgePresets.dir/Users/kentino/Projects/Active/AudioForge/JUCE/modules/juce_core/juce_core_zlib.c.o
[  3%] Building CXX object shared/CMakeFiles/AudioForgePresets.dir/Users/kentino/Projects/Active/AudioForge/JUCE/modules/juce_core/juce_core.mm.o
[  4%] Building CXX object shared/CMakeFiles/AudioForgePresets.dir/Users/kentino/Projects/Active/AudioForge/JUCE/modules/juce_data_structures/juce_data_structures.mm.o
[  5%] Building CXX object shared/CMakeFiles/AudioForgePresets.dir/Users/kentino/Projects/Active/AudioForge/JUCE/modules/juce_events/juce_events.mm.o
[  6%] Building CXX object shared/CMakeFiles/AudioForgePresets.dir/Users/kentino/Projects/Active/AudioForge/JUCE/modules/juce_audio_processors/juce_audio_processors.mm.o
[  7%] Building CXX object shared/CMakeFiles/AudioForgePresets.dir/Users/kentino/Projects/Active/AudioForge/JUCE/modules/juce_gui_extra/juce_gui_extra.mm.o
[  7%] Building CXX object shared/CMakeFiles/AudioForgePresets.dir/Users/kentino/Projects/Active/AudioForge/JUCE/modules/juce_gui_basics/juce_gui_basics_2.cpp.o
[  8%] Building CXX object shared/CMakeFiles/AudioForgePresets.dir/Users/kentino/Projects/Active/AudioForge/JUCE/modules/juce_gui_basics/juce_gui_basics_3.cpp.o
[  9%] Building CXX object shared/CMakeFiles/AudioForgePresets.dir/Users/kentino/Projects/Active/AudioForge/JUCE/modules/juce_gui_basics/juce_gui_basics_4.cpp.o
[ 10%] Building CXX object shared/CMakeFiles/AudioForgePresets.dir/Users/kentino/Projects/Active/AudioForge/JUCE/modules/juce_gui_basics/juce_gui_basics_5.cpp.o
[ 11%] Building CXX object shared/CMakeFiles/AudioForgePresets.dir/Users/kentino/Projects/Active/AudioForge/JUCE/modules/juce_gui_basics/juce_gui_basics.mm.o
[ 12%] Building CXX object shared/CMakeFiles/AudioForgePresets.dir/Users/kentino/Projects/Active/AudioForge/JUCE/modules/juce_graphics/juce_graphics_Harfbuzz.cpp.o
[ 13%] Building C object shared/CMakeFiles/AudioForgePresets.dir/Users/kentino/Projects/Active/AudioForge/JUCE/modules/juce_graphics/juce_graphics_Sheenbidi.c.o
[ 14%] Building C object shared/CMakeFiles/AudioForgePresets.dir/Users/kentino/Projects/Active/AudioForge/JUCE/modules/juce_graphics/juce_graphics_libjpg_1.c.o
[ 15%] Building C object shared/CMakeFiles/AudioForgePresets.dir/Users/kentino/Projects/Active/AudioForge/JUCE/modules/juce_graphics/juce_graphics_libjpg_2.c.o
[ 15%] Building C object shared/CMakeFiles/AudioForgePresets.dir/Users/kentino/Projects/Active/AudioForge/JUCE/modules/juce_graphics/juce_graphics_libjpg_3.c.o
[ 16%] Building C object shared/CMakeFiles/AudioForgePresets.dir/Users/kentino/Projects/Active/AudioForge/JUCE/modules/juce_graphics/juce_graphics_libpng.c.o
[ 17%] Building C object shared/CMakeFiles/AudioForgePresets.dir/Users/kentino/Projects/Active/AudioForge/JUCE/modules/juce_graphics/juce_graphics_lunasvg.c.o
[ 18%] Building CXX object shared/CMakeFiles/AudioForgePresets.dir/Users/kentino/Projects/Active/AudioForge/JUCE/modules/juce_graphics/juce_graphics.mm.o
[ 19%] Building CXX object shared/CMakeFiles/AudioForgePresets.dir/Users/kentino/Projects/Active/AudioForge/JUCE/modules/juce_audio_processors_headless/juce_audio_processors_headless_ara.cpp.o
[ 20%] Building CXX object shared/CMakeFiles/AudioForgePresets.dir/Users/kentino/Projects/Active/AudioForge/JUCE/modules/juce_audio_processors_headless/juce_audio_processors_headless_lv2_libs.cpp.o
[ 21%] Building CXX object shared/CMakeFiles/AudioForgePresets.dir/Users/kentino/Projects/Active/AudioForge/JUCE/modules/juce_audio_processors_headless/juce_audio_processors_headless.mm.o
[ 22%] Building CXX object shared/CMakeFiles/AudioForgePresets.dir/Users/kentino/Projects/Active/AudioForge/JUCE/modules/juce_audio_basics/juce_audio_basics.mm.o
[ 23%] Linking CXX static library libAudioForgePresets.a
[ 23%] Built target AudioForgePresets
[ 23%] Building CXX object shared/CMakeFiles/AudioForgeSynth.dir/synth/ADSREnvelope.cpp.o
[ 24%] Building CXX object shared/CMakeFiles/AudioForgeSynth.dir/synth/MultiModeFilter.cpp.o
[ 25%] Building CXX object shared/CMakeFiles/AudioForgeSynth.dir/Users/kentino/Projects/Active/AudioForge/JUCE/modules/juce_core/juce_core_CompilationTime.cpp.o
[ 26%] Building C object shared/CMakeFiles/AudioForgeSynth.dir/Users/kentino/Projects/Active/AudioForge/JUCE/modules/juce_core/juce_core_zlib.c.o
[ 27%] Building CXX object shared/CMakeFiles/AudioForgeSynth.dir/Users/kentino/Projects/Active/AudioForge/JUCE/modules/juce_core/juce_core.mm.o
[ 28%] Building CXX object shared/CMakeFiles/AudioForgeSynth.dir/Users/kentino/Projects/Active/AudioForge/JUCE/modules/juce_dsp/juce_dsp.mm.o
[ 29%] Building C object shared/CMakeFiles/AudioForgeSynth.dir/Users/kentino/Projects/Active/AudioForge/JUCE/modules/juce_audio_formats/juce_audio_formats_flac_1.c.o
[ 30%] Building C object shared/CMakeFiles/AudioForgeSynth.dir/Users/kentino/Projects/Active/AudioForge/JUCE/modules/juce_audio_formats/juce_audio_formats_flac_2.c.o
[ 30%] Building CXX object shared/CMakeFiles/AudioForgeSynth.dir/Users/kentino/Projects/Active/AudioForge/JUCE/modules/juce_audio_formats/juce_audio_formats.mm.o
[ 31%] Building CXX object shared/CMakeFiles/AudioForgeSynth.dir/Users/kentino/Projects/Active/AudioForge/JUCE/modules/juce_audio_basics/juce_audio_basics.mm.o
[ 32%] Linking CXX static library libAudioForgeSynth.a
[ 32%] Built target AudioForgeSynth
[ 33%] Building CXX object CMakeFiles/DrumSynth.dir/Source/PluginProcessor.cpp.o
/Users/kentino/Projects/Active/AudioForge/plugins/DrumSynth/Source/PluginProcessor.cpp:9:7: error: no matching constructor for initialization of 'AudioForge::PresetManager'
    9 |     , presetManager("DrumSynth", *this)
      |       ^             ~~~~~~~~~~~~~~~~~~
/Users/kentino/Projects/Active/AudioForge/plugins/DrumSynth/Source/../../../shared/preset/PresetManager.h:23:14: note: candidate constructor not viable: no known conversion from 'const char[10]' to 'juce::AudioProcessorValueTreeState &' for 1st argument
   23 |     explicit PresetManager(juce::AudioProcessorValueTreeState& apvts,
      |              ^             ~~~~~~~~~~~~~~~~~~~~~~~~~~~~~~~~~~~~~~~~~
/Users/kentino/Projects/Active/AudioForge/plugins/DrumSynth/Source/../../../shared/preset/PresetManager.h:71:50: note: candidate constructor not viable: requires 1 argument, but 2 were provided
   71 |     JUCE_DECLARE_NON_COPYABLE_WITH_LEAK_DETECTOR(PresetManager)
      |     ~~~~~~~~~~~~~~~~~~~~~~~~~~~~~~~~~~~~~~~~~~~~~^~~~~~~~~~~~~~
/Users/kentino/Projects/Active/AudioForge/JUCE/modules/juce_core/system/juce_PlatformDefs.h:264:31: note: expanded from macro 'JUCE_DECLARE_NON_COPYABLE_WITH_LEAK_DETECTOR'
  264 |     JUCE_DECLARE_NON_COPYABLE(className) \
      |     ~~~~~~~~~~~~~~~~~~~~~~~~~~^~~~~~~~~~
/Users/kentino/Projects/Active/AudioForge/JUCE/modules/juce_core/system/juce_PlatformDefs.h:250:5: note: expanded from macro 'JUCE_DECLARE_NON_COPYABLE'
  250 |     className (const className&) = delete;\
      |     ^          ~~~~~~~~~~~~~~~~
/Users/kentino/Projects/Active/AudioForge/plugins/DrumSynth/Source/PluginProcessor.cpp:11:19: error: no member named 'setFactoryPresets' in 'AudioForge::PresetManager'
   11 |     presetManager.setFactoryPresets(DrumSynthPresets::getFactoryPresets());
      |     ~~~~~~~~~~~~~ ^
2 errors generated.
make[2]: *** [CMakeFiles/DrumSynth.dir/Source/PluginProcessor.cpp.o] Error 1
make[1]: *** [CMakeFiles/DrumSynth.dir/all] Error 2
make: *** [all] Error 2
