[  1%] Building CXX object CMakeFiles/AnalogKick.dir/Source/PluginProcessor.cpp.o
[  2%] Building CXX object CMakeFiles/AnalogKick.dir/Source/PluginEditor.cpp.o
/Users/kentino/Projects/Active/AudioForge/plugins/AnalogKick/Source/PluginEditor.cpp:38:15: warning: 'Font' is deprecated: Use the constructor that takes a FontOptions argument [-Wdeprecated-declarations]
   38 |     g.setFont(juce::Font(42.0f, juce::Font::bold));
      |               ^
/Users/kentino/Projects/Active/AudioForge/JUCE/modules/juce_graphics/fonts/juce_Font.h:76:7: note: 'Font' has been explicitly marked deprecated here
   76 |     [[deprecated ("Use the constructor that takes a FontOptions argument")]]
      |       ^
/Users/kentino/Projects/Active/AudioForge/plugins/AnalogKick/Source/PluginEditor.cpp:38:15: warning: 'Font' is deprecated: Use the constructor that takes a FontOptions argument [-Wdeprecated-declarations]
   38 |     g.setFont(juce::Font(42.0f, juce::Font::bold));
      |               ^
/Users/kentino/Projects/Active/AudioForge/JUCE/modules/juce_graphics/fonts/juce_Font.h:76:7: note: 'Font' has been explicitly marked deprecated here
   76 |     [[deprecated ("Use the constructor that takes a FontOptions argument")]]
      |       ^
/Users/kentino/Projects/Active/AudioForge/plugins/AnalogKick/Source/PluginEditor.cpp:41:15: warning: 'Font' is deprecated: Use the constructor that takes a FontOptions argument [-Wdeprecated-declarations]
   41 |     g.setFont(juce::Font(16.0f, juce::Font::bold));
      |               ^
/Users/kentino/Projects/Active/AudioForge/JUCE/modules/juce_graphics/fonts/juce_Font.h:76:7: note: 'Font' has been explicitly marked deprecated here
   76 |     [[deprecated ("Use the constructor that takes a FontOptions argument")]]
      |       ^
/Users/kentino/Projects/Active/AudioForge/plugins/AnalogKick/Source/PluginEditor.cpp:41:15: warning: 'Font' is deprecated: Use the constructor that takes a FontOptions argument [-Wdeprecated-declarations]
   41 |     g.setFont(juce::Font(16.0f, juce::Font::bold));
      |               ^
/Users/kentino/Projects/Active/AudioForge/JUCE/modules/juce_graphics/fonts/juce_Font.h:76:7: note: 'Font' has been explicitly marked deprecated here
   76 |     [[deprecated ("Use the constructor that takes a FontOptions argument")]]
      |       ^
4 warnings generated.
[  3%] Building CXX object CMakeFiles/AnalogKick.dir/Source/KickEngine.cpp.o
[  5%] Building CXX object CMakeFiles/AnalogKick.dir/Source/KickVoice.cpp.o
[  6%] Building CXX object CMakeFiles/AnalogKick.dir/Users/kentino/Projects/Active/AudioForge/midi/MIDILearnManager.cpp.o
[  7%] Building CXX object CMakeFiles/AnalogKick.dir/Users/kentino/Projects/Active/AudioForge/shared/preset/PresetManager.cpp.o
[  8%] Building CXX object CMakeFiles/AnalogKick.dir/Users/kentino/Projects/Active/AudioForge/shared/preset/PresetBrowser.cpp.o
[ 10%] Building CXX object CMakeFiles/AnalogKick.dir/Users/kentino/Projects/Active/AudioForge/JUCE/modules/juce_audio_processors/juce_audio_processors.mm.o
[ 11%] Building CXX object CMakeFiles/AnalogKick.dir/Users/kentino/Projects/Active/AudioForge/JUCE/modules/juce_gui_extra/juce_gui_extra.mm.o
[ 12%] Building CXX object CMakeFiles/AnalogKick.dir/Users/kentino/Projects/Active/AudioForge/JUCE/modules/juce_gui_basics/juce_gui_basics_2.cpp.o
[ 14%] Building CXX object CMakeFiles/AnalogKick.dir/Users/kentino/Projects/Active/AudioForge/JUCE/modules/juce_gui_basics/juce_gui_basics_3.cpp.o
[ 15%] Building CXX object CMakeFiles/AnalogKick.dir/Users/kentino/Projects/Active/AudioForge/JUCE/modules/juce_gui_basics/juce_gui_basics_4.cpp.o
[ 16%] Building CXX object CMakeFiles/AnalogKick.dir/Users/kentino/Projects/Active/AudioForge/JUCE/modules/juce_gui_basics/juce_gui_basics_5.cpp.o
[ 17%] Building CXX object CMakeFiles/AnalogKick.dir/Users/kentino/Projects/Active/AudioForge/JUCE/modules/juce_gui_basics/juce_gui_basics.mm.o
[ 19%] Building CXX object CMakeFiles/AnalogKick.dir/Users/kentino/Projects/Active/AudioForge/JUCE/modules/juce_graphics/juce_graphics_Harfbuzz.cpp.o
[ 20%] Building C object CMakeFiles/AnalogKick.dir/Users/kentino/Projects/Active/AudioForge/JUCE/modules/juce_graphics/juce_graphics_Sheenbidi.c.o
[ 21%] Building C object CMakeFiles/AnalogKick.dir/Users/kentino/Projects/Active/AudioForge/JUCE/modules/juce_graphics/juce_graphics_libjpg_1.c.o
[ 23%] Building C object CMakeFiles/AnalogKick.dir/Users/kentino/Projects/Active/AudioForge/JUCE/modules/juce_graphics/juce_graphics_libjpg_2.c.o
[ 24%] Building C object CMakeFiles/AnalogKick.dir/Users/kentino/Projects/Active/AudioForge/JUCE/modules/juce_graphics/juce_graphics_libjpg_3.c.o
[ 25%] Building C object CMakeFiles/AnalogKick.dir/Users/kentino/Projects/Active/AudioForge/JUCE/modules/juce_graphics/juce_graphics_libpng.c.o
[ 26%] Building C object CMakeFiles/AnalogKick.dir/Users/kentino/Projects/Active/AudioForge/JUCE/modules/juce_graphics/juce_graphics_lunasvg.c.o
[ 28%] Building CXX object CMakeFiles/AnalogKick.dir/Users/kentino/Projects/Active/AudioForge/JUCE/modules/juce_graphics/juce_graphics.mm.o
[ 29%] Building CXX object CMakeFiles/AnalogKick.dir/Users/kentino/Projects/Active/AudioForge/JUCE/modules/juce_events/juce_events.mm.o
[ 30%] Building CXX object CMakeFiles/AnalogKick.dir/Users/kentino/Projects/Active/AudioForge/JUCE/modules/juce_core/juce_core_CompilationTime.cpp.o
[ 32%] Building C object CMakeFiles/AnalogKick.dir/Users/kentino/Projects/Active/AudioForge/JUCE/modules/juce_core/juce_core_zlib.c.o
[ 33%] Building CXX object CMakeFiles/AnalogKick.dir/Users/kentino/Projects/Active/AudioForge/JUCE/modules/juce_core/juce_core.mm.o
[ 34%] Building CXX object CMakeFiles/AnalogKick.dir/Users/kentino/Projects/Active/AudioForge/JUCE/modules/juce_data_structures/juce_data_structures.mm.o
[ 35%] Building CXX object CMakeFiles/AnalogKick.dir/Users/kentino/Projects/Active/AudioForge/JUCE/modules/juce_audio_processors_headless/juce_audio_processors_headless_ara.cpp.o
[ 37%] Building CXX object CMakeFiles/AnalogKick.dir/Users/kentino/Projects/Active/AudioForge/JUCE/modules/juce_audio_processors_headless/juce_audio_processors_headless_lv2_libs.cpp.o
[ 38%] Building CXX object CMakeFiles/AnalogKick.dir/Users/kentino/Projects/Active/AudioForge/JUCE/modules/juce_audio_processors_headless/juce_audio_processors_headless.mm.o
[ 39%] Building CXX object CMakeFiles/AnalogKick.dir/Users/kentino/Projects/Active/AudioForge/JUCE/modules/juce_audio_basics/juce_audio_basics.mm.o
[ 41%] Building CXX object CMakeFiles/AnalogKick.dir/Users/kentino/Projects/Active/AudioForge/JUCE/modules/juce_audio_utils/juce_audio_utils.mm.o
[ 42%] Building C object CMakeFiles/AnalogKick.dir/Users/kentino/Projects/Active/AudioForge/JUCE/modules/juce_audio_formats/juce_audio_formats_flac_1.c.o
[ 43%] Building C object CMakeFiles/AnalogKick.dir/Users/kentino/Projects/Active/AudioForge/JUCE/modules/juce_audio_formats/juce_audio_formats_flac_2.c.o
[ 44%] Building CXX object CMakeFiles/AnalogKick.dir/Users/kentino/Projects/Active/AudioForge/JUCE/modules/juce_audio_formats/juce_audio_formats.mm.o
[ 46%] Building CXX object CMakeFiles/AnalogKick.dir/Users/kentino/Projects/Active/AudioForge/JUCE/modules/juce_audio_devices/juce_audio_devices.mm.o
[ 47%] Building CXX object CMakeFiles/AnalogKick.dir/Users/kentino/Projects/Active/AudioForge/JUCE/modules/juce_dsp/juce_dsp.mm.o
[ 48%] Linking CXX static library AnalogKick_artefacts/Release/libAnalogKick_SharedCode.a
[ 48%] Built target AnalogKick
[ 50%] Generating AnalogKick_artefacts/JuceLibraryCode/AnalogKick_Standalone/PkgInfo
[ 51%] Building CXX object CMakeFiles/AnalogKick_Standalone.dir/Users/kentino/Projects/Active/AudioForge/JUCE/modules/juce_audio_plugin_client/juce_audio_plugin_client_AAX_utils.cpp.o
[ 52%] Building CXX object CMakeFiles/AnalogKick_Standalone.dir/Users/kentino/Projects/Active/AudioForge/JUCE/modules/juce_audio_plugin_client/juce_audio_plugin_client_ARA.cpp.o
[ 53%] Building CXX object CMakeFiles/AnalogKick_Standalone.dir/Users/kentino/Projects/Active/AudioForge/JUCE/modules/juce_audio_plugin_client/juce_audio_plugin_client_Standalone.cpp.o
[ 55%] Building CXX object CMakeFiles/AnalogKick_Standalone.dir/Users/kentino/Projects/Active/AudioForge/JUCE/modules/juce_audio_plugin_client/juce_audio_plugin_client_Unity.cpp.o
[ 56%] Building CXX object CMakeFiles/AnalogKick_Standalone.dir/Users/kentino/Projects/Active/AudioForge/JUCE/modules/juce_audio_plugin_client/juce_audio_plugin_client_AAX.mm.o
[ 57%] Building CXX object CMakeFiles/AnalogKick_Standalone.dir/Users/kentino/Projects/Active/AudioForge/JUCE/modules/juce_audio_plugin_client/juce_audio_plugin_client_AU_1.mm.o
[ 58%] Building CXX object CMakeFiles/AnalogKick_Standalone.dir/Users/kentino/Projects/Active/AudioForge/JUCE/modules/juce_audio_plugin_client/juce_audio_plugin_client_AU_2.mm.o
[ 60%] Building CXX object CMakeFiles/AnalogKick_Standalone.dir/Users/kentino/Projects/Active/AudioForge/JUCE/modules/juce_audio_plugin_client/juce_audio_plugin_client_AUv3.mm.o
[ 61%] Building CXX object CMakeFiles/AnalogKick_Standalone.dir/Users/kentino/Projects/Active/AudioForge/JUCE/modules/juce_audio_plugin_client/juce_audio_plugin_client_LV2.mm.o
[ 62%] Building CXX object CMakeFiles/AnalogKick_Standalone.dir/Users/kentino/Projects/Active/AudioForge/JUCE/modules/juce_audio_plugin_client/juce_audio_plugin_client_VST2.mm.o
[ 64%] Building CXX object CMakeFiles/AnalogKick_Standalone.dir/Users/kentino/Projects/Active/AudioForge/JUCE/modules/juce_audio_plugin_client/juce_audio_plugin_client_VST3.mm.o
[ 65%] Linking CXX executable AnalogKick_artefacts/Release/Standalone/AnalogKick.app/Contents/MacOS/AnalogKick
Copying OS X content AnalogKick_artefacts/Release/Standalone/AnalogKick.app/Contents/Resources/RecentFilesMenuTemplate.nib
[ 65%] Built target AnalogKick_Standalone
[ 66%] Generating AnalogKick_artefacts/JuceLibraryCode/AnalogKick_AU/PkgInfo
[ 67%] Building CXX object CMakeFiles/AnalogKick_AU.dir/Users/kentino/Projects/Active/AudioForge/JUCE/modules/juce_audio_plugin_client/juce_audio_plugin_client_AAX_utils.cpp.o
[ 69%] Building CXX object CMakeFiles/AnalogKick_AU.dir/Users/kentino/Projects/Active/AudioForge/JUCE/modules/juce_audio_plugin_client/juce_audio_plugin_client_ARA.cpp.o
[ 70%] Building CXX object CMakeFiles/AnalogKick_AU.dir/Users/kentino/Projects/Active/AudioForge/JUCE/modules/juce_audio_plugin_client/juce_audio_plugin_client_Standalone.cpp.o
[ 71%] Building CXX object CMakeFiles/AnalogKick_AU.dir/Users/kentino/Projects/Active/AudioForge/JUCE/modules/juce_audio_plugin_client/juce_audio_plugin_client_Unity.cpp.o
[ 73%] Building CXX object CMakeFiles/AnalogKick_AU.dir/Users/kentino/Projects/Active/AudioForge/JUCE/modules/juce_audio_plugin_client/juce_audio_plugin_client_AAX.mm.o
[ 74%] Building CXX object CMakeFiles/AnalogKick_AU.dir/Users/kentino/Projects/Active/AudioForge/JUCE/modules/juce_audio_plugin_client/juce_audio_plugin_client_AU_1.mm.o
[ 75%] Building CXX object CMakeFiles/AnalogKick_AU.dir/Users/kentino/Projects/Active/AudioForge/JUCE/modules/juce_audio_plugin_client/juce_audio_plugin_client_AU_2.mm.o
[ 76%] Building CXX object CMakeFiles/AnalogKick_AU.dir/Users/kentino/Projects/Active/AudioForge/JUCE/modules/juce_audio_plugin_client/juce_audio_plugin_client_AUv3.mm.o
[ 78%] Building CXX object CMakeFiles/AnalogKick_AU.dir/Users/kentino/Projects/Active/AudioForge/JUCE/modules/juce_audio_plugin_client/juce_audio_plugin_client_LV2.mm.o
[ 79%] Building CXX object CMakeFiles/AnalogKick_AU.dir/Users/kentino/Projects/Active/AudioForge/JUCE/modules/juce_audio_plugin_client/juce_audio_plugin_client_VST2.mm.o
[ 80%] Building CXX object CMakeFiles/AnalogKick_AU.dir/Users/kentino/Projects/Active/AudioForge/JUCE/modules/juce_audio_plugin_client/juce_audio_plugin_client_VST3.mm.o
[ 82%] Linking CXX CFBundle shared module AnalogKick_artefacts/Release/AU/AnalogKick.component/Contents/MacOS/AnalogKick
/Users/kentino/Projects/Active/AudioForge/plugins/AnalogKick/build/AnalogKick_artefacts/Release/AU/AnalogKick.component: code has no resources but signature indicates they must be present
-- Replacing invalid signature with ad-hoc signature
/Users/kentino/Projects/Active/AudioForge/plugins/AnalogKick/build/AnalogKick_artefacts/Release/AU/AnalogKick.component: replacing existing signature
-- Destination /Users/kentino/Library/Audio/Plug-Ins/Components/AnalogKick.component exists, overwriting
-- Installing: /Users/kentino/Library/Audio/Plug-Ins/Components/AnalogKick.component
-- Installing: /Users/kentino/Library/Audio/Plug-Ins/Components/AnalogKick.component/Contents
-- Installing: /Users/kentino/Library/Audio/Plug-Ins/Components/AnalogKick.component/Contents/_CodeSignature
-- Installing: /Users/kentino/Library/Audio/Plug-Ins/Components/AnalogKick.component/Contents/_CodeSignature/CodeResources
-- Installing: /Users/kentino/Library/Audio/Plug-Ins/Components/AnalogKick.component/Contents/MacOS
-- Installing: /Users/kentino/Library/Audio/Plug-Ins/Components/AnalogKick.component/Contents/MacOS/AnalogKick
-- Installing: /Users/kentino/Library/Audio/Plug-Ins/Components/AnalogKick.component/Contents/Info.plist
-- Installing: /Users/kentino/Library/Audio/Plug-Ins/Components/AnalogKick.component/Contents/PkgInfo
[ 82%] Built target AnalogKick_AU
[ 83%] Building VST3 manifest helper for AnalogKick
-- The CXX compiler identification is AppleClang 16.0.0.16000026
-- Detecting CXX compiler ABI info
-- Detecting CXX compiler ABI info - done
-- Check for working CXX compiler: /usr/bin/c++ - skipped
-- Detecting CXX compile features
-- Detecting CXX compile features - done
-- Configuring done (0.3s)
-- Generating done (0.0s)
-- Build files have been written to: /Users/kentino/Projects/Active/AudioForge/plugins/AnalogKick/build/vst3_helpers/AnalogKick
[ 50%] Building CXX object CMakeFiles/vst3_helper.dir/Users/kentino/Projects/Active/AudioForge/JUCE/modules/juce_audio_plugin_client/VST3/juce_VST3ManifestHelper.cpp.o
[100%] Linking CXX executable vst3_helper
[100%] Built target vst3_helper
[ 83%] Built target AnalogKick_vst3_helper
[ 84%] Generating AnalogKick_artefacts/JuceLibraryCode/AnalogKick_VST3/PkgInfo
[ 85%] Building CXX object CMakeFiles/AnalogKick_VST3.dir/Users/kentino/Projects/Active/AudioForge/JUCE/modules/juce_audio_plugin_client/juce_audio_plugin_client_AAX_utils.cpp.o
[ 87%] Building CXX object CMakeFiles/AnalogKick_VST3.dir/Users/kentino/Projects/Active/AudioForge/JUCE/modules/juce_audio_plugin_client/juce_audio_plugin_client_ARA.cpp.o
[ 88%] Building CXX object CMakeFiles/AnalogKick_VST3.dir/Users/kentino/Projects/Active/AudioForge/JUCE/modules/juce_audio_plugin_client/juce_audio_plugin_client_Standalone.cpp.o
[ 89%] Building CXX object CMakeFiles/AnalogKick_VST3.dir/Users/kentino/Projects/Active/AudioForge/JUCE/modules/juce_audio_plugin_client/juce_audio_plugin_client_Unity.cpp.o
[ 91%] Building CXX object CMakeFiles/AnalogKick_VST3.dir/Users/kentino/Projects/Active/AudioForge/JUCE/modules/juce_audio_plugin_client/juce_audio_plugin_client_AAX.mm.o
[ 92%] Building CXX object CMakeFiles/AnalogKick_VST3.dir/Users/kentino/Projects/Active/AudioForge/JUCE/modules/juce_audio_plugin_client/juce_audio_plugin_client_AU_1.mm.o
[ 93%] Building CXX object CMakeFiles/AnalogKick_VST3.dir/Users/kentino/Projects/Active/AudioForge/JUCE/modules/juce_audio_plugin_client/juce_audio_plugin_client_AU_2.mm.o
[ 94%] Building CXX object CMakeFiles/AnalogKick_VST3.dir/Users/kentino/Projects/Active/AudioForge/JUCE/modules/juce_audio_plugin_client/juce_audio_plugin_client_AUv3.mm.o
[ 96%] Building CXX object CMakeFiles/AnalogKick_VST3.dir/Users/kentino/Projects/Active/AudioForge/JUCE/modules/juce_audio_plugin_client/juce_audio_plugin_client_LV2.mm.o
[ 97%] Building CXX object CMakeFiles/AnalogKick_VST3.dir/Users/kentino/Projects/Active/AudioForge/JUCE/modules/juce_audio_plugin_client/juce_audio_plugin_client_VST2.mm.o
[ 98%] Building CXX object CMakeFiles/AnalogKick_VST3.dir/Users/kentino/Projects/Active/AudioForge/JUCE/modules/juce_audio_plugin_client/juce_audio_plugin_client_VST3.mm.o
[100%] Linking CXX CFBundle shared module AnalogKick_artefacts/Release/VST3/AnalogKick.vst3/Contents/MacOS/AnalogKick
/Users/kentino/Projects/Active/AudioForge/plugins/AnalogKick/build/AnalogKick_artefacts/Release/VST3/AnalogKick.vst3: code has no resources but signature indicates they must be present
-- Replacing invalid signature with ad-hoc signature
/Users/kentino/Projects/Active/AudioForge/plugins/AnalogKick/build/AnalogKick_artefacts/Release/VST3/AnalogKick.vst3: replacing existing signature
removing moduleinfo.json
creating /Users/kentino/Projects/Active/AudioForge/plugins/AnalogKick/build/AnalogKick_artefacts/Release/VST3/AnalogKick.vst3/Contents/Resources/moduleinfo.json
/Users/kentino/Projects/Active/AudioForge/plugins/AnalogKick/build/AnalogKick_artefacts/Release/VST3/AnalogKick.vst3: a sealed resource is missing or invalid
-- Replacing invalid signature with ad-hoc signature
/Users/kentino/Projects/Active/AudioForge/plugins/AnalogKick/build/AnalogKick_artefacts/Release/VST3/AnalogKick.vst3: replacing existing signature
-- Destination /Users/kentino/Library/Audio/Plug-Ins/VST3/AnalogKick.vst3 exists, overwriting
-- Installing: /Users/kentino/Library/Audio/Plug-Ins/VST3/AnalogKick.vst3
-- Installing: /Users/kentino/Library/Audio/Plug-Ins/VST3/AnalogKick.vst3/Contents
-- Installing: /Users/kentino/Library/Audio/Plug-Ins/VST3/AnalogKick.vst3/Contents/_CodeSignature
-- Installing: /Users/kentino/Library/Audio/Plug-Ins/VST3/AnalogKick.vst3/Contents/_CodeSignature/CodeResources
-- Installing: /Users/kentino/Library/Audio/Plug-Ins/VST3/AnalogKick.vst3/Contents/MacOS
-- Installing: /Users/kentino/Library/Audio/Plug-Ins/VST3/AnalogKick.vst3/Contents/MacOS/AnalogKick
-- Installing: /Users/kentino/Library/Audio/Plug-Ins/VST3/AnalogKick.vst3/Contents/Resources
-- Installing: /Users/kentino/Library/Audio/Plug-Ins/VST3/AnalogKick.vst3/Contents/Resources/moduleinfo.json
-- Installing: /Users/kentino/Library/Audio/Plug-Ins/VST3/AnalogKick.vst3/Contents/Info.plist
-- Installing: /Users/kentino/Library/Audio/Plug-Ins/VST3/AnalogKick.vst3/Contents/PkgInfo
[100%] Built target AnalogKick_VST3
