[  0%] Building CXX object shared/CMakeFiles/AudioForgePresets.dir/presets/PresetManager.cpp.o
[  1%] Building CXX object shared/CMakeFiles/AudioForgePresets.dir/Users/kentino/Projects/Active/AudioForge/JUCE/modules/juce_core/juce_core_CompilationTime.cpp.o
[  2%] Building C object shared/CMakeFiles/AudioForgePresets.dir/Users/kentino/Projects/Active/AudioForge/JUCE/modules/juce_core/juce_core_zlib.c.o
[  3%] Building CXX object shared/CMakeFiles/AudioForgePresets.dir/Users/kentino/Projects/Active/AudioForge/JUCE/modules/juce_core/juce_core.mm.o
[  4%] Building CXX object shared/CMakeFiles/AudioForgePresets.dir/Users/kentino/Projects/Active/AudioForge/JUCE/modules/juce_data_structures/juce_data_structures.mm.o
[  5%] Building CXX object shared/CMakeFiles/AudioForgePresets.dir/Users/kentino/Projects/Active/AudioForge/JUCE/modules/juce_events/juce_events.mm.o
[  6%] Building CXX object shared/CMakeFiles/AudioForgePresets.dir/Users/kentino/Projects/Active/AudioForge/JUCE/modules/juce_audio_processors/juce_audio_processors.mm.o
[  6%] Building CXX object shared/CMakeFiles/AudioForgePresets.dir/Users/kentino/Projects/Active/AudioForge/JUCE/modules/juce_gui_extra/juce_gui_extra.mm.o
[  7%] Building CXX object shared/CMakeFiles/AudioForgePresets.dir/Users/kentino/Projects/Active/AudioForge/JUCE/modules/juce_gui_basics/juce_gui_basics_2.cpp.o
[  8%] Building CXX object shared/CMakeFiles/AudioForgePresets.dir/Users/kentino/Projects/Active/AudioForge/JUCE/modules/juce_gui_basics/juce_gui_basics_3.cpp.o
[  9%] Building CXX object shared/CMakeFiles/AudioForgePresets.dir/Users/kentino/Projects/Active/AudioForge/JUCE/modules/juce_gui_basics/juce_gui_basics_4.cpp.o
[ 10%] Building CXX object shared/CMakeFiles/AudioForgePresets.dir/Users/kentino/Projects/Active/AudioForge/JUCE/modules/juce_gui_basics/juce_gui_basics_5.cpp.o
[ 11%] Building CXX object shared/CMakeFiles/AudioForgePresets.dir/Users/kentino/Projects/Active/AudioForge/JUCE/modules/juce_gui_basics/juce_gui_basics.mm.o
[ 12%] Building CXX object shared/CMakeFiles/AudioForgePresets.dir/Users/kentino/Projects/Active/AudioForge/JUCE/modules/juce_graphics/juce_graphics_Harfbuzz.cpp.o
[ 13%] Building C object shared/CMakeFiles/AudioForgePresets.dir/Users/kentino/Projects/Active/AudioForge/JUCE/modules/juce_graphics/juce_graphics_Sheenbidi.c.o
[ 13%] Building C object shared/CMakeFiles/AudioForgePresets.dir/Users/kentino/Projects/Active/AudioForge/JUCE/modules/juce_graphics/juce_graphics_libjpg_1.c.o
[ 14%] Building C object shared/CMakeFiles/AudioForgePresets.dir/Users/kentino/Projects/Active/AudioForge/JUCE/modules/juce_graphics/juce_graphics_libjpg_2.c.o
[ 15%] Building C object shared/CMakeFiles/AudioForgePresets.dir/Users/kentino/Projects/Active/AudioForge/JUCE/modules/juce_graphics/juce_graphics_libjpg_3.c.o
[ 16%] Building C object shared/CMakeFiles/AudioForgePresets.dir/Users/kentino/Projects/Active/AudioForge/JUCE/modules/juce_graphics/juce_graphics_libpng.c.o
[ 17%] Building C object shared/CMakeFiles/AudioForgePresets.dir/Users/kentino/Projects/Active/AudioForge/JUCE/modules/juce_graphics/juce_graphics_lunasvg.c.o
[ 18%] Building CXX object shared/CMakeFiles/AudioForgePresets.dir/Users/kentino/Projects/Active/AudioForge/JUCE/modules/juce_graphics/juce_graphics.mm.o
[ 19%] Building CXX object shared/CMakeFiles/AudioForgePresets.dir/Users/kentino/Projects/Active/AudioForge/JUCE/modules/juce_audio_processors_headless/juce_audio_processors_headless_ara.cpp.o
[ 20%] Building CXX object shared/CMakeFiles/AudioForgePresets.dir/Users/kentino/Projects/Active/AudioForge/JUCE/modules/juce_audio_processors_headless/juce_audio_processors_headless_lv2_libs.cpp.o
[ 20%] Building CXX object shared/CMakeFiles/AudioForgePresets.dir/Users/kentino/Projects/Active/AudioForge/JUCE/modules/juce_audio_processors_headless/juce_audio_processors_headless.mm.o
[ 21%] Building CXX object shared/CMakeFiles/AudioForgePresets.dir/Users/kentino/Projects/Active/AudioForge/JUCE/modules/juce_audio_basics/juce_audio_basics.mm.o
[ 22%] Linking CXX static library libAudioForgePresets.a
[ 22%] Built target AudioForgePresets
[ 23%] Building CXX object shared/CMakeFiles/AudioForgeSynth.dir/synth/ADSREnvelope.cpp.o
[ 24%] Building CXX object shared/CMakeFiles/AudioForgeSynth.dir/synth/MultiModeFilter.cpp.o
[ 25%] Building CXX object shared/CMakeFiles/AudioForgeSynth.dir/Users/kentino/Projects/Active/AudioForge/JUCE/modules/juce_core/juce_core_CompilationTime.cpp.o
[ 26%] Building C object shared/CMakeFiles/AudioForgeSynth.dir/Users/kentino/Projects/Active/AudioForge/JUCE/modules/juce_core/juce_core_zlib.c.o
[ 26%] Building CXX object shared/CMakeFiles/AudioForgeSynth.dir/Users/kentino/Projects/Active/AudioForge/JUCE/modules/juce_core/juce_core.mm.o
[ 27%] Building CXX object shared/CMakeFiles/AudioForgeSynth.dir/Users/kentino/Projects/Active/AudioForge/JUCE/modules/juce_dsp/juce_dsp.mm.o
[ 28%] Building C object shared/CMakeFiles/AudioForgeSynth.dir/Users/kentino/Projects/Active/AudioForge/JUCE/modules/juce_audio_formats/juce_audio_formats_flac_1.c.o
[ 29%] Building C object shared/CMakeFiles/AudioForgeSynth.dir/Users/kentino/Projects/Active/AudioForge/JUCE/modules/juce_audio_formats/juce_audio_formats_flac_2.c.o
[ 30%] Building CXX object shared/CMakeFiles/AudioForgeSynth.dir/Users/kentino/Projects/Active/AudioForge/JUCE/modules/juce_audio_formats/juce_audio_formats.mm.o
[ 31%] Building CXX object shared/CMakeFiles/AudioForgeSynth.dir/Users/kentino/Projects/Active/AudioForge/JUCE/modules/juce_audio_basics/juce_audio_basics.mm.o
[ 32%] Linking CXX static library libAudioForgeSynth.a
[ 32%] Built target AudioForgeSynth
[ 33%] Building CXX object CMakeFiles/ElectricPiano.dir/Source/PluginProcessor.cpp.o
[ 33%] Building CXX object CMakeFiles/ElectricPiano.dir/Source/PluginEditor.cpp.o
/Users/kentino/Projects/Active/AudioForge/plugins/ElectricPiano/Source/PluginEditor.cpp:106:15: warning: 'Font' is deprecated: Use the constructor that takes a FontOptions argument [-Wdeprecated-declarations]
  106 |     g.setFont(juce::Font(28.0f, juce::Font::bold));
      |               ^
/Users/kentino/Projects/Active/AudioForge/JUCE/modules/juce_graphics/fonts/juce_Font.h:76:7: note: 'Font' has been explicitly marked deprecated here
   76 |     [[deprecated ("Use the constructor that takes a FontOptions argument")]]
      |       ^
/Users/kentino/Projects/Active/AudioForge/plugins/ElectricPiano/Source/PluginEditor.cpp:106:15: warning: 'Font' is deprecated: Use the constructor that takes a FontOptions argument [-Wdeprecated-declarations]
  106 |     g.setFont(juce::Font(28.0f, juce::Font::bold));
      |               ^
/Users/kentino/Projects/Active/AudioForge/JUCE/modules/juce_graphics/fonts/juce_Font.h:76:7: note: 'Font' has been explicitly marked deprecated here
   76 |     [[deprecated ("Use the constructor that takes a FontOptions argument")]]
      |       ^
/Users/kentino/Projects/Active/AudioForge/plugins/ElectricPiano/Source/PluginEditor.cpp:110:15: warning: 'Font' is deprecated: Use the constructor that takes a FontOptions argument [-Wdeprecated-declarations]
  110 |     g.setFont(juce::Font(16.0f, juce::Font::bold));
      |               ^
/Users/kentino/Projects/Active/AudioForge/JUCE/modules/juce_graphics/fonts/juce_Font.h:76:7: note: 'Font' has been explicitly marked deprecated here
   76 |     [[deprecated ("Use the constructor that takes a FontOptions argument")]]
      |       ^
/Users/kentino/Projects/Active/AudioForge/plugins/ElectricPiano/Source/PluginEditor.cpp:110:15: warning: 'Font' is deprecated: Use the constructor that takes a FontOptions argument [-Wdeprecated-declarations]
  110 |     g.setFont(juce::Font(16.0f, juce::Font::bold));
      |               ^
/Users/kentino/Projects/Active/AudioForge/JUCE/modules/juce_graphics/fonts/juce_Font.h:76:7: note: 'Font' has been explicitly marked deprecated here
   76 |     [[deprecated ("Use the constructor that takes a FontOptions argument")]]
      |       ^
4 warnings generated.
[ 34%] Building CXX object CMakeFiles/ElectricPiano.dir/Source/ElectricPianoVoice.cpp.o
[ 35%] Building CXX object CMakeFiles/ElectricPiano.dir/Source/ElectricPianoEngine.cpp.o
[ 36%] Building CXX object CMakeFiles/ElectricPiano.dir/Users/kentino/Projects/Active/AudioForge/midi/MIDILearnManager.cpp.o
[ 37%] Building CXX object CMakeFiles/ElectricPiano.dir/Users/kentino/Projects/Active/AudioForge/shared/preset/PresetManager.cpp.o
[ 38%] Building CXX object CMakeFiles/ElectricPiano.dir/Users/kentino/Projects/Active/AudioForge/shared/preset/PresetBrowser.cpp.o
[ 39%] Building CXX object CMakeFiles/ElectricPiano.dir/Users/kentino/Projects/Active/AudioForge/JUCE/modules/juce_audio_processors/juce_audio_processors.mm.o
[ 40%] Building CXX object CMakeFiles/ElectricPiano.dir/Users/kentino/Projects/Active/AudioForge/JUCE/modules/juce_gui_extra/juce_gui_extra.mm.o
[ 40%] Building CXX object CMakeFiles/ElectricPiano.dir/Users/kentino/Projects/Active/AudioForge/JUCE/modules/juce_gui_basics/juce_gui_basics_2.cpp.o
[ 41%] Building CXX object CMakeFiles/ElectricPiano.dir/Users/kentino/Projects/Active/AudioForge/JUCE/modules/juce_gui_basics/juce_gui_basics_3.cpp.o
[ 42%] Building CXX object CMakeFiles/ElectricPiano.dir/Users/kentino/Projects/Active/AudioForge/JUCE/modules/juce_gui_basics/juce_gui_basics_4.cpp.o
[ 43%] Building CXX object CMakeFiles/ElectricPiano.dir/Users/kentino/Projects/Active/AudioForge/JUCE/modules/juce_gui_basics/juce_gui_basics_5.cpp.o
[ 44%] Building CXX object CMakeFiles/ElectricPiano.dir/Users/kentino/Projects/Active/AudioForge/JUCE/modules/juce_gui_basics/juce_gui_basics.mm.o
In file included from /Users/kentino/Projects/Active/AudioForge/JUCE/modules/juce_gui_basics/juce_gui_basics.mm:35:
/Users/kentino/Projects/Active/AudioForge/JUCE/modules/juce_gui_basics/juce_gui_basics.cpp:61:2: warning: This version of JUCE does not use the splash screen, the flag JUCE_DISPLAY_SPLASH_SCREEN is ignored [-W#pragma-messages]
   61 |  JUCE_COMPILER_WARNING ("This version of JUCE does not use the splash screen, the flag JUCE_DISPLAY_SPLASH_SCREEN is ignored")
      |  ^
/Users/kentino/Projects/Active/AudioForge/JUCE/modules/juce_core/system/juce_PlatformDefs.h:292:38: note: expanded from macro 'JUCE_COMPILER_WARNING'
  292 |  #define JUCE_COMPILER_WARNING(msg)  _Pragma (JUCE_STRINGIFY (message (msg)))
      |                                      ^
<scratch space>:71:2: note: expanded from here
   71 |  message ("This version of JUCE does not use the splash screen, the flag JUCE_DISPLAY_SPLASH_SCREEN is ignored")
      |  ^
1 warning generated.
[ 45%] Building CXX object CMakeFiles/ElectricPiano.dir/Users/kentino/Projects/Active/AudioForge/JUCE/modules/juce_graphics/juce_graphics_Harfbuzz.cpp.o
[ 46%] Building C object CMakeFiles/ElectricPiano.dir/Users/kentino/Projects/Active/AudioForge/JUCE/modules/juce_graphics/juce_graphics_Sheenbidi.c.o
[ 46%] Building C object CMakeFiles/ElectricPiano.dir/Users/kentino/Projects/Active/AudioForge/JUCE/modules/juce_graphics/juce_graphics_libjpg_1.c.o
[ 47%] Building C object CMakeFiles/ElectricPiano.dir/Users/kentino/Projects/Active/AudioForge/JUCE/modules/juce_graphics/juce_graphics_libjpg_2.c.o
[ 48%] Building C object CMakeFiles/ElectricPiano.dir/Users/kentino/Projects/Active/AudioForge/JUCE/modules/juce_graphics/juce_graphics_libjpg_3.c.o
[ 49%] Building C object CMakeFiles/ElectricPiano.dir/Users/kentino/Projects/Active/AudioForge/JUCE/modules/juce_graphics/juce_graphics_libpng.c.o
[ 50%] Building C object CMakeFiles/ElectricPiano.dir/Users/kentino/Projects/Active/AudioForge/JUCE/modules/juce_graphics/juce_graphics_lunasvg.c.o
[ 51%] Building CXX object CMakeFiles/ElectricPiano.dir/Users/kentino/Projects/Active/AudioForge/JUCE/modules/juce_graphics/juce_graphics.mm.o
[ 52%] Building CXX object CMakeFiles/ElectricPiano.dir/Users/kentino/Projects/Active/AudioForge/JUCE/modules/juce_events/juce_events.mm.o
[ 53%] Building CXX object CMakeFiles/ElectricPiano.dir/Users/kentino/Projects/Active/AudioForge/JUCE/modules/juce_core/juce_core_CompilationTime.cpp.o
[ 53%] Building C object CMakeFiles/ElectricPiano.dir/Users/kentino/Projects/Active/AudioForge/JUCE/modules/juce_core/juce_core_zlib.c.o
[ 54%] Building CXX object CMakeFiles/ElectricPiano.dir/Users/kentino/Projects/Active/AudioForge/JUCE/modules/juce_core/juce_core.mm.o
[ 55%] Building CXX object CMakeFiles/ElectricPiano.dir/Users/kentino/Projects/Active/AudioForge/JUCE/modules/juce_data_structures/juce_data_structures.mm.o
[ 56%] Building CXX object CMakeFiles/ElectricPiano.dir/Users/kentino/Projects/Active/AudioForge/JUCE/modules/juce_audio_processors_headless/juce_audio_processors_headless_ara.cpp.o
[ 57%] Building CXX object CMakeFiles/ElectricPiano.dir/Users/kentino/Projects/Active/AudioForge/JUCE/modules/juce_audio_processors_headless/juce_audio_processors_headless_lv2_libs.cpp.o
[ 58%] Building CXX object CMakeFiles/ElectricPiano.dir/Users/kentino/Projects/Active/AudioForge/JUCE/modules/juce_audio_processors_headless/juce_audio_processors_headless.mm.o
[ 59%] Building CXX object CMakeFiles/ElectricPiano.dir/Users/kentino/Projects/Active/AudioForge/JUCE/modules/juce_audio_basics/juce_audio_basics.mm.o
[ 60%] Building CXX object CMakeFiles/ElectricPiano.dir/Users/kentino/Projects/Active/AudioForge/JUCE/modules/juce_audio_utils/juce_audio_utils.mm.o
[ 60%] Building C object CMakeFiles/ElectricPiano.dir/Users/kentino/Projects/Active/AudioForge/JUCE/modules/juce_audio_formats/juce_audio_formats_flac_1.c.o
[ 61%] Building C object CMakeFiles/ElectricPiano.dir/Users/kentino/Projects/Active/AudioForge/JUCE/modules/juce_audio_formats/juce_audio_formats_flac_2.c.o
[ 62%] Building CXX object CMakeFiles/ElectricPiano.dir/Users/kentino/Projects/Active/AudioForge/JUCE/modules/juce_audio_formats/juce_audio_formats.mm.o
[ 63%] Building CXX object CMakeFiles/ElectricPiano.dir/Users/kentino/Projects/Active/AudioForge/JUCE/modules/juce_audio_devices/juce_audio_devices.mm.o
[ 64%] Building CXX object CMakeFiles/ElectricPiano.dir/Users/kentino/Projects/Active/AudioForge/JUCE/modules/juce_dsp/juce_dsp.mm.o
[ 65%] Linking CXX static library ElectricPiano_artefacts/Release/libElectricPiano_SharedCode.a
[ 65%] Built target ElectricPiano
[ 66%] Generating ElectricPiano_artefacts/JuceLibraryCode/ElectricPiano_Standalone/PkgInfo
[ 67%] Building CXX object CMakeFiles/ElectricPiano_Standalone.dir/Users/kentino/Projects/Active/AudioForge/JUCE/modules/juce_audio_plugin_client/juce_audio_plugin_client_AAX_utils.cpp.o
[ 68%] Building CXX object CMakeFiles/ElectricPiano_Standalone.dir/Users/kentino/Projects/Active/AudioForge/JUCE/modules/juce_audio_plugin_client/juce_audio_plugin_client_ARA.cpp.o
[ 69%] Building CXX object CMakeFiles/ElectricPiano_Standalone.dir/Users/kentino/Projects/Active/AudioForge/JUCE/modules/juce_audio_plugin_client/juce_audio_plugin_client_Standalone.cpp.o
[ 69%] Building CXX object CMakeFiles/ElectricPiano_Standalone.dir/Users/kentino/Projects/Active/AudioForge/JUCE/modules/juce_audio_plugin_client/juce_audio_plugin_client_Unity.cpp.o
[ 70%] Building CXX object CMakeFiles/ElectricPiano_Standalone.dir/Users/kentino/Projects/Active/AudioForge/JUCE/modules/juce_audio_plugin_client/juce_audio_plugin_client_AAX.mm.o
[ 71%] Building CXX object CMakeFiles/ElectricPiano_Standalone.dir/Users/kentino/Projects/Active/AudioForge/JUCE/modules/juce_audio_plugin_client/juce_audio_plugin_client_AU_1.mm.o
[ 72%] Building CXX object CMakeFiles/ElectricPiano_Standalone.dir/Users/kentino/Projects/Active/AudioForge/JUCE/modules/juce_audio_plugin_client/juce_audio_plugin_client_AU_2.mm.o
[ 73%] Building CXX object CMakeFiles/ElectricPiano_Standalone.dir/Users/kentino/Projects/Active/AudioForge/JUCE/modules/juce_audio_plugin_client/juce_audio_plugin_client_AUv3.mm.o
[ 74%] Building CXX object CMakeFiles/ElectricPiano_Standalone.dir/Users/kentino/Projects/Active/AudioForge/JUCE/modules/juce_audio_plugin_client/juce_audio_plugin_client_LV2.mm.o
[ 75%] Building CXX object CMakeFiles/ElectricPiano_Standalone.dir/Users/kentino/Projects/Active/AudioForge/JUCE/modules/juce_audio_plugin_client/juce_audio_plugin_client_VST2.mm.o
[ 75%] Building CXX object CMakeFiles/ElectricPiano_Standalone.dir/Users/kentino/Projects/Active/AudioForge/JUCE/modules/juce_audio_plugin_client/juce_audio_plugin_client_VST3.mm.o
[ 76%] Linking CXX executable ElectricPiano_artefacts/Release/Standalone/ElectricPiano.app/Contents/MacOS/ElectricPiano
Copying OS X content ElectricPiano_artefacts/Release/Standalone/ElectricPiano.app/Contents/Resources/RecentFilesMenuTemplate.nib
[ 76%] Built target ElectricPiano_Standalone
[ 77%] Generating ElectricPiano_artefacts/JuceLibraryCode/ElectricPiano_AU/PkgInfo
[ 77%] Building CXX object CMakeFiles/ElectricPiano_AU.dir/Users/kentino/Projects/Active/AudioForge/JUCE/modules/juce_audio_plugin_client/juce_audio_plugin_client_AAX_utils.cpp.o
[ 78%] Building CXX object CMakeFiles/ElectricPiano_AU.dir/Users/kentino/Projects/Active/AudioForge/JUCE/modules/juce_audio_plugin_client/juce_audio_plugin_client_ARA.cpp.o
[ 79%] Building CXX object CMakeFiles/ElectricPiano_AU.dir/Users/kentino/Projects/Active/AudioForge/JUCE/modules/juce_audio_plugin_client/juce_audio_plugin_client_Standalone.cpp.o
[ 80%] Building CXX object CMakeFiles/ElectricPiano_AU.dir/Users/kentino/Projects/Active/AudioForge/JUCE/modules/juce_audio_plugin_client/juce_audio_plugin_client_Unity.cpp.o
[ 81%] Building CXX object CMakeFiles/ElectricPiano_AU.dir/Users/kentino/Projects/Active/AudioForge/JUCE/modules/juce_audio_plugin_client/juce_audio_plugin_client_AAX.mm.o
[ 82%] Building CXX object CMakeFiles/ElectricPiano_AU.dir/Users/kentino/Projects/Active/AudioForge/JUCE/modules/juce_audio_plugin_client/juce_audio_plugin_client_AU_1.mm.o
[ 83%] Building CXX object CMakeFiles/ElectricPiano_AU.dir/Users/kentino/Projects/Active/AudioForge/JUCE/modules/juce_audio_plugin_client/juce_audio_plugin_client_AU_2.mm.o
[ 84%] Building CXX object CMakeFiles/ElectricPiano_AU.dir/Users/kentino/Projects/Active/AudioForge/JUCE/modules/juce_audio_plugin_client/juce_audio_plugin_client_AUv3.mm.o
[ 84%] Building CXX object CMakeFiles/ElectricPiano_AU.dir/Users/kentino/Projects/Active/AudioForge/JUCE/modules/juce_audio_plugin_client/juce_audio_plugin_client_LV2.mm.o
[ 85%] Building CXX object CMakeFiles/ElectricPiano_AU.dir/Users/kentino/Projects/Active/AudioForge/JUCE/modules/juce_audio_plugin_client/juce_audio_plugin_client_VST2.mm.o
[ 86%] Building CXX object CMakeFiles/ElectricPiano_AU.dir/Users/kentino/Projects/Active/AudioForge/JUCE/modules/juce_audio_plugin_client/juce_audio_plugin_client_VST3.mm.o
[ 87%] Linking CXX CFBundle shared module ElectricPiano_artefacts/Release/AU/ElectricPiano.component/Contents/MacOS/ElectricPiano
/Users/kentino/Projects/Active/AudioForge/plugins/ElectricPiano/build/ElectricPiano_artefacts/Release/AU/ElectricPiano.component: code has no resources but signature indicates they must be present
-- Replacing invalid signature with ad-hoc signature
/Users/kentino/Projects/Active/AudioForge/plugins/ElectricPiano/build/ElectricPiano_artefacts/Release/AU/ElectricPiano.component: replacing existing signature
-- Destination /Users/kentino/Library/Audio/Plug-Ins/Components/ElectricPiano.component exists, overwriting
-- Installing: /Users/kentino/Library/Audio/Plug-Ins/Components/ElectricPiano.component
-- Installing: /Users/kentino/Library/Audio/Plug-Ins/Components/ElectricPiano.component/Contents
-- Installing: /Users/kentino/Library/Audio/Plug-Ins/Components/ElectricPiano.component/Contents/_CodeSignature
-- Installing: /Users/kentino/Library/Audio/Plug-Ins/Components/ElectricPiano.component/Contents/_CodeSignature/CodeResources
-- Installing: /Users/kentino/Library/Audio/Plug-Ins/Components/ElectricPiano.component/Contents/MacOS
-- Installing: /Users/kentino/Library/Audio/Plug-Ins/Components/ElectricPiano.component/Contents/MacOS/ElectricPiano
-- Installing: /Users/kentino/Library/Audio/Plug-Ins/Components/ElectricPiano.component/Contents/Info.plist
-- Installing: /Users/kentino/Library/Audio/Plug-Ins/Components/ElectricPiano.component/Contents/PkgInfo
[ 87%] Built target ElectricPiano_AU
[ 88%] Building VST3 manifest helper for ElectricPiano
-- The CXX compiler identification is AppleClang 16.0.0.16000026
-- Detecting CXX compiler ABI info
-- Detecting CXX compiler ABI info - done
-- Check for working CXX compiler: /usr/bin/c++ - skipped
-- Detecting CXX compile features
-- Detecting CXX compile features - done
-- Configuring done (0.3s)
-- Generating done (0.0s)
-- Build files have been written to: /Users/kentino/Projects/Active/AudioForge/plugins/ElectricPiano/build/vst3_helpers/ElectricPiano
[ 50%] Building CXX object CMakeFiles/vst3_helper.dir/Users/kentino/Projects/Active/AudioForge/JUCE/modules/juce_audio_plugin_client/VST3/juce_VST3ManifestHelper.cpp.o
[100%] Linking CXX executable vst3_helper
[100%] Built target vst3_helper
[ 88%] Built target ElectricPiano_vst3_helper
[ 89%] Generating ElectricPiano_artefacts/JuceLibraryCode/ElectricPiano_VST3/PkgInfo
[ 90%] Building CXX object CMakeFiles/ElectricPiano_VST3.dir/Users/kentino/Projects/Active/AudioForge/JUCE/modules/juce_audio_plugin_client/juce_audio_plugin_client_AAX_utils.cpp.o
[ 91%] Building CXX object CMakeFiles/ElectricPiano_VST3.dir/Users/kentino/Projects/Active/AudioForge/JUCE/modules/juce_audio_plugin_client/juce_audio_plugin_client_ARA.cpp.o
[ 92%] Building CXX object CMakeFiles/ElectricPiano_VST3.dir/Users/kentino/Projects/Active/AudioForge/JUCE/modules/juce_audio_plugin_client/juce_audio_plugin_client_Standalone.cpp.o
[ 93%] Building CXX object CMakeFiles/ElectricPiano_VST3.dir/Users/kentino/Projects/Active/AudioForge/JUCE/modules/juce_audio_plugin_client/juce_audio_plugin_client_Unity.cpp.o
[ 94%] Building CXX object CMakeFiles/ElectricPiano_VST3.dir/Users/kentino/Projects/Active/AudioForge/JUCE/modules/juce_audio_plugin_client/juce_audio_plugin_client_AAX.mm.o
[ 94%] Building CXX object CMakeFiles/ElectricPiano_VST3.dir/Users/kentino/Projects/Active/AudioForge/JUCE/modules/juce_audio_plugin_client/juce_audio_plugin_client_AU_1.mm.o
[ 95%] Building CXX object CMakeFiles/ElectricPiano_VST3.dir/Users/kentino/Projects/Active/AudioForge/JUCE/modules/juce_audio_plugin_client/juce_audio_plugin_client_AU_2.mm.o
[ 96%] Building CXX object CMakeFiles/ElectricPiano_VST3.dir/Users/kentino/Projects/Active/AudioForge/JUCE/modules/juce_audio_plugin_client/juce_audio_plugin_client_AUv3.mm.o
[ 97%] Building CXX object CMakeFiles/ElectricPiano_VST3.dir/Users/kentino/Projects/Active/AudioForge/JUCE/modules/juce_audio_plugin_client/juce_audio_plugin_client_LV2.mm.o
[ 98%] Building CXX object CMakeFiles/ElectricPiano_VST3.dir/Users/kentino/Projects/Active/AudioForge/JUCE/modules/juce_audio_plugin_client/juce_audio_plugin_client_VST2.mm.o
[ 99%] Building CXX object CMakeFiles/ElectricPiano_VST3.dir/Users/kentino/Projects/Active/AudioForge/JUCE/modules/juce_audio_plugin_client/juce_audio_plugin_client_VST3.mm.o
[100%] Linking CXX CFBundle shared module ElectricPiano_artefacts/Release/VST3/ElectricPiano.vst3/Contents/MacOS/ElectricPiano
/Users/kentino/Projects/Active/AudioForge/plugins/ElectricPiano/build/ElectricPiano_artefacts/Release/VST3/ElectricPiano.vst3: code has no resources but signature indicates they must be present
-- Replacing invalid signature with ad-hoc signature
/Users/kentino/Projects/Active/AudioForge/plugins/ElectricPiano/build/ElectricPiano_artefacts/Release/VST3/ElectricPiano.vst3: replacing existing signature
removing moduleinfo.json
creating /Users/kentino/Projects/Active/AudioForge/plugins/ElectricPiano/build/ElectricPiano_artefacts/Release/VST3/ElectricPiano.vst3/Contents/Resources/moduleinfo.json
/Users/kentino/Projects/Active/AudioForge/plugins/ElectricPiano/build/ElectricPiano_artefacts/Release/VST3/ElectricPiano.vst3: a sealed resource is missing or invalid
-- Replacing invalid signature with ad-hoc signature
/Users/kentino/Projects/Active/AudioForge/plugins/ElectricPiano/build/ElectricPiano_artefacts/Release/VST3/ElectricPiano.vst3: replacing existing signature
-- Destination /Users/kentino/Library/Audio/Plug-Ins/VST3/ElectricPiano.vst3 exists, overwriting
-- Installing: /Users/kentino/Library/Audio/Plug-Ins/VST3/ElectricPiano.vst3
-- Installing: /Users/kentino/Library/Audio/Plug-Ins/VST3/ElectricPiano.vst3/Contents
-- Installing: /Users/kentino/Library/Audio/Plug-Ins/VST3/ElectricPiano.vst3/Contents/_CodeSignature
-- Installing: /Users/kentino/Library/Audio/Plug-Ins/VST3/ElectricPiano.vst3/Contents/_CodeSignature/CodeResources
-- Installing: /Users/kentino/Library/Audio/Plug-Ins/VST3/ElectricPiano.vst3/Contents/MacOS
-- Installing: /Users/kentino/Library/Audio/Plug-Ins/VST3/ElectricPiano.vst3/Contents/MacOS/ElectricPiano
-- Installing: /Users/kentino/Library/Audio/Plug-Ins/VST3/ElectricPiano.vst3/Contents/Resources
-- Installing: /Users/kentino/Library/Audio/Plug-Ins/VST3/ElectricPiano.vst3/Contents/Resources/moduleinfo.json
-- Installing: /Users/kentino/Library/Audio/Plug-Ins/VST3/ElectricPiano.vst3/Contents/Info.plist
-- Installing: /Users/kentino/Library/Audio/Plug-Ins/VST3/ElectricPiano.vst3/Contents/PkgInfo
[100%] Built target ElectricPiano_VST3
