[  1%] Building CXX object CMakeFiles/MIDIHarmonizer.dir/Source/PluginProcessor.cpp.o
[  2%] Building CXX object CMakeFiles/MIDIHarmonizer.dir/Source/PluginEditor.cpp.o
[  3%] Building CXX object CMakeFiles/MIDIHarmonizer.dir/Source/HarmonizerEngine.cpp.o
[  5%] Building CXX object CMakeFiles/MIDIHarmonizer.dir/Users/kentino/Projects/Active/AudioForge/midi/MIDILearnManager.cpp.o
[  6%] Building CXX object CMakeFiles/MIDIHarmonizer.dir/Users/kentino/Projects/Active/AudioForge/shared/preset/PresetManager.cpp.o
[  7%] Building CXX object CMakeFiles/MIDIHarmonizer.dir/Users/kentino/Projects/Active/AudioForge/shared/preset/PresetBrowser.cpp.o
[  9%] Building CXX object CMakeFiles/MIDIHarmonizer.dir/Users/kentino/Projects/Active/AudioForge/JUCE/modules/juce_audio_processors/juce_audio_processors.mm.o
[ 10%] Building CXX object CMakeFiles/MIDIHarmonizer.dir/Users/kentino/Projects/Active/AudioForge/JUCE/modules/juce_gui_extra/juce_gui_extra.mm.o
[ 11%] Building CXX object CMakeFiles/MIDIHarmonizer.dir/Users/kentino/Projects/Active/AudioForge/JUCE/modules/juce_gui_basics/juce_gui_basics_2.cpp.o
[ 13%] Building CXX object CMakeFiles/MIDIHarmonizer.dir/Users/kentino/Projects/Active/AudioForge/JUCE/modules/juce_gui_basics/juce_gui_basics_3.cpp.o
[ 14%] Building CXX object CMakeFiles/MIDIHarmonizer.dir/Users/kentino/Projects/Active/AudioForge/JUCE/modules/juce_gui_basics/juce_gui_basics_4.cpp.o
[ 15%] Building CXX object CMakeFiles/MIDIHarmonizer.dir/Users/kentino/Projects/Active/AudioForge/JUCE/modules/juce_gui_basics/juce_gui_basics_5.cpp.o
[ 17%] Building CXX object CMakeFiles/MIDIHarmonizer.dir/Users/kentino/Projects/Active/AudioForge/JUCE/modules/juce_gui_basics/juce_gui_basics.mm.o
[ 18%] Building CXX object CMakeFiles/MIDIHarmonizer.dir/Users/kentino/Projects/Active/AudioForge/JUCE/modules/juce_graphics/juce_graphics_Harfbuzz.cpp.o
[ 19%] Building C object CMakeFiles/MIDIHarmonizer.dir/Users/kentino/Projects/Active/AudioForge/JUCE/modules/juce_graphics/juce_graphics_Sheenbidi.c.o
[ 21%] Building C object CMakeFiles/MIDIHarmonizer.dir/Users/kentino/Projects/Active/AudioForge/JUCE/modules/juce_graphics/juce_graphics_libjpg_1.c.o
[ 22%] Building C object CMakeFiles/MIDIHarmonizer.dir/Users/kentino/Projects/Active/AudioForge/JUCE/modules/juce_graphics/juce_graphics_libjpg_2.c.o
[ 23%] Building C object CMakeFiles/MIDIHarmonizer.dir/Users/kentino/Projects/Active/AudioForge/JUCE/modules/juce_graphics/juce_graphics_libjpg_3.c.o
[ 25%] Building C object CMakeFiles/MIDIHarmonizer.dir/Users/kentino/Projects/Active/AudioForge/JUCE/modules/juce_graphics/juce_graphics_libpng.c.o
[ 26%] Building C object CMakeFiles/MIDIHarmonizer.dir/Users/kentino/Projects/Active/AudioForge/JUCE/modules/juce_graphics/juce_graphics_lunasvg.c.o
[ 27%] Building CXX object CMakeFiles/MIDIHarmonizer.dir/Users/kentino/Projects/Active/AudioForge/JUCE/modules/juce_graphics/juce_graphics.mm.o
[ 28%] Building CXX object CMakeFiles/MIDIHarmonizer.dir/Users/kentino/Projects/Active/AudioForge/JUCE/modules/juce_events/juce_events.mm.o
[ 30%] Building CXX object CMakeFiles/MIDIHarmonizer.dir/Users/kentino/Projects/Active/AudioForge/JUCE/modules/juce_core/juce_core_CompilationTime.cpp.o
[ 31%] Building C object CMakeFiles/MIDIHarmonizer.dir/Users/kentino/Projects/Active/AudioForge/JUCE/modules/juce_core/juce_core_zlib.c.o
[ 32%] Building CXX object CMakeFiles/MIDIHarmonizer.dir/Users/kentino/Projects/Active/AudioForge/JUCE/modules/juce_core/juce_core.mm.o
[ 34%] Building CXX object CMakeFiles/MIDIHarmonizer.dir/Users/kentino/Projects/Active/AudioForge/JUCE/modules/juce_data_structures/juce_data_structures.mm.o
[ 35%] Building CXX object CMakeFiles/MIDIHarmonizer.dir/Users/kentino/Projects/Active/AudioForge/JUCE/modules/juce_audio_processors_headless/juce_audio_processors_headless_ara.cpp.o
[ 36%] Building CXX object CMakeFiles/MIDIHarmonizer.dir/Users/kentino/Projects/Active/AudioForge/JUCE/modules/juce_audio_processors_headless/juce_audio_processors_headless_lv2_libs.cpp.o
[ 38%] Building CXX object CMakeFiles/MIDIHarmonizer.dir/Users/kentino/Projects/Active/AudioForge/JUCE/modules/juce_audio_processors_headless/juce_audio_processors_headless.mm.o
[ 39%] Building CXX object CMakeFiles/MIDIHarmonizer.dir/Users/kentino/Projects/Active/AudioForge/JUCE/modules/juce_audio_basics/juce_audio_basics.mm.o
[ 40%] Building CXX object CMakeFiles/MIDIHarmonizer.dir/Users/kentino/Projects/Active/AudioForge/JUCE/modules/juce_audio_utils/juce_audio_utils.mm.o
[ 42%] Building C object CMakeFiles/MIDIHarmonizer.dir/Users/kentino/Projects/Active/AudioForge/JUCE/modules/juce_audio_formats/juce_audio_formats_flac_1.c.o
[ 43%] Building C object CMakeFiles/MIDIHarmonizer.dir/Users/kentino/Projects/Active/AudioForge/JUCE/modules/juce_audio_formats/juce_audio_formats_flac_2.c.o
[ 44%] Building CXX object CMakeFiles/MIDIHarmonizer.dir/Users/kentino/Projects/Active/AudioForge/JUCE/modules/juce_audio_formats/juce_audio_formats.mm.o
[ 46%] Building CXX object CMakeFiles/MIDIHarmonizer.dir/Users/kentino/Projects/Active/AudioForge/JUCE/modules/juce_audio_devices/juce_audio_devices.mm.o
[ 47%] Linking CXX static library "MIDIHarmonizer_artefacts/Release/libMIDI Harmonizer_SharedCode.a"
[ 47%] Built target MIDIHarmonizer
[ 48%] Generating MIDIHarmonizer_artefacts/JuceLibraryCode/MIDIHarmonizer_Standalone/PkgInfo
[ 50%] Building CXX object CMakeFiles/MIDIHarmonizer_Standalone.dir/Users/kentino/Projects/Active/AudioForge/JUCE/modules/juce_audio_plugin_client/juce_audio_plugin_client_AAX_utils.cpp.o
[ 51%] Building CXX object CMakeFiles/MIDIHarmonizer_Standalone.dir/Users/kentino/Projects/Active/AudioForge/JUCE/modules/juce_audio_plugin_client/juce_audio_plugin_client_ARA.cpp.o
[ 52%] Building CXX object CMakeFiles/MIDIHarmonizer_Standalone.dir/Users/kentino/Projects/Active/AudioForge/JUCE/modules/juce_audio_plugin_client/juce_audio_plugin_client_Standalone.cpp.o
[ 53%] Building CXX object CMakeFiles/MIDIHarmonizer_Standalone.dir/Users/kentino/Projects/Active/AudioForge/JUCE/modules/juce_audio_plugin_client/juce_audio_plugin_client_Unity.cpp.o
[ 55%] Building CXX object CMakeFiles/MIDIHarmonizer_Standalone.dir/Users/kentino/Projects/Active/AudioForge/JUCE/modules/juce_audio_plugin_client/juce_audio_plugin_client_AAX.mm.o
[ 56%] Building CXX object CMakeFiles/MIDIHarmonizer_Standalone.dir/Users/kentino/Projects/Active/AudioForge/JUCE/modules/juce_audio_plugin_client/juce_audio_plugin_client_AU_1.mm.o
[ 57%] Building CXX object CMakeFiles/MIDIHarmonizer_Standalone.dir/Users/kentino/Projects/Active/AudioForge/JUCE/modules/juce_audio_plugin_client/juce_audio_plugin_client_AU_2.mm.o
[ 59%] Building CXX object CMakeFiles/MIDIHarmonizer_Standalone.dir/Users/kentino/Projects/Active/AudioForge/JUCE/modules/juce_audio_plugin_client/juce_audio_plugin_client_AUv3.mm.o
[ 60%] Building CXX object CMakeFiles/MIDIHarmonizer_Standalone.dir/Users/kentino/Projects/Active/AudioForge/JUCE/modules/juce_audio_plugin_client/juce_audio_plugin_client_LV2.mm.o
[ 61%] Building CXX object CMakeFiles/MIDIHarmonizer_Standalone.dir/Users/kentino/Projects/Active/AudioForge/JUCE/modules/juce_audio_plugin_client/juce_audio_plugin_client_VST2.mm.o
[ 63%] Building CXX object CMakeFiles/MIDIHarmonizer_Standalone.dir/Users/kentino/Projects/Active/AudioForge/JUCE/modules/juce_audio_plugin_client/juce_audio_plugin_client_VST3.mm.o
[ 64%] Linking CXX executable "MIDIHarmonizer_artefacts/Release/Standalone/MIDI Harmonizer.app/Contents/MacOS/MIDI Harmonizer"
Copying OS X content MIDIHarmonizer_artefacts/Release/Standalone/MIDI Harmonizer.app/Contents/Resources/RecentFilesMenuTemplate.nib
[ 64%] Built target MIDIHarmonizer_Standalone
[ 65%] Generating MIDIHarmonizer_artefacts/JuceLibraryCode/MIDIHarmonizer_AU/PkgInfo
[ 67%] Building CXX object CMakeFiles/MIDIHarmonizer_AU.dir/Users/kentino/Projects/Active/AudioForge/JUCE/modules/juce_audio_plugin_client/juce_audio_plugin_client_AAX_utils.cpp.o
[ 68%] Building CXX object CMakeFiles/MIDIHarmonizer_AU.dir/Users/kentino/Projects/Active/AudioForge/JUCE/modules/juce_audio_plugin_client/juce_audio_plugin_client_ARA.cpp.o
[ 69%] Building CXX object CMakeFiles/MIDIHarmonizer_AU.dir/Users/kentino/Projects/Active/AudioForge/JUCE/modules/juce_audio_plugin_client/juce_audio_plugin_client_Standalone.cpp.o
[ 71%] Building CXX object CMakeFiles/MIDIHarmonizer_AU.dir/Users/kentino/Projects/Active/AudioForge/JUCE/modules/juce_audio_plugin_client/juce_audio_plugin_client_Unity.cpp.o
[ 72%] Building CXX object CMakeFiles/MIDIHarmonizer_AU.dir/Users/kentino/Projects/Active/AudioForge/JUCE/modules/juce_audio_plugin_client/juce_audio_plugin_client_AAX.mm.o
[ 73%] Building CXX object CMakeFiles/MIDIHarmonizer_AU.dir/Users/kentino/Projects/Active/AudioForge/JUCE/modules/juce_audio_plugin_client/juce_audio_plugin_client_AU_1.mm.o
[ 75%] Building CXX object CMakeFiles/MIDIHarmonizer_AU.dir/Users/kentino/Projects/Active/AudioForge/JUCE/modules/juce_audio_plugin_client/juce_audio_plugin_client_AU_2.mm.o
[ 76%] Building CXX object CMakeFiles/MIDIHarmonizer_AU.dir/Users/kentino/Projects/Active/AudioForge/JUCE/modules/juce_audio_plugin_client/juce_audio_plugin_client_AUv3.mm.o
[ 77%] Building CXX object CMakeFiles/MIDIHarmonizer_AU.dir/Users/kentino/Projects/Active/AudioForge/JUCE/modules/juce_audio_plugin_client/juce_audio_plugin_client_LV2.mm.o
[ 78%] Building CXX object CMakeFiles/MIDIHarmonizer_AU.dir/Users/kentino/Projects/Active/AudioForge/JUCE/modules/juce_audio_plugin_client/juce_audio_plugin_client_VST2.mm.o
[ 80%] Building CXX object CMakeFiles/MIDIHarmonizer_AU.dir/Users/kentino/Projects/Active/AudioForge/JUCE/modules/juce_audio_plugin_client/juce_audio_plugin_client_VST3.mm.o
[ 81%] Linking CXX CFBundle shared module "MIDIHarmonizer_artefacts/Release/AU/MIDI Harmonizer.component/Contents/MacOS/MIDI Harmonizer"
[ 81%] Built target MIDIHarmonizer_AU
[ 82%] Building VST3 manifest helper for MIDIHarmonizer
-- The CXX compiler identification is AppleClang 16.0.0.16000026
-- Detecting CXX compiler ABI info
-- Detecting CXX compiler ABI info - done
-- Check for working CXX compiler: /usr/bin/c++ - skipped
-- Detecting CXX compile features
-- Detecting CXX compile features - done
-- Configuring done (0.3s)
-- Generating done (0.0s)
-- Build files have been written to: /Users/kentino/Projects/Active/AudioForge/plugins/MIDIHarmonizer/build/vst3_helpers/MIDIHarmonizer
[ 50%] Building CXX object CMakeFiles/vst3_helper.dir/Users/kentino/Projects/Active/AudioForge/JUCE/modules/juce_audio_plugin_client/VST3/juce_VST3ManifestHelper.cpp.o
[100%] Linking CXX executable vst3_helper
[100%] Built target vst3_helper
[ 82%] Built target MIDIHarmonizer_vst3_helper
[ 84%] Generating MIDIHarmonizer_artefacts/JuceLibraryCode/MIDIHarmonizer_VST3/PkgInfo
[ 85%] Building CXX object CMakeFiles/MIDIHarmonizer_VST3.dir/Users/kentino/Projects/Active/AudioForge/JUCE/modules/juce_audio_plugin_client/juce_audio_plugin_client_AAX_utils.cpp.o
[ 86%] Building CXX object CMakeFiles/MIDIHarmonizer_VST3.dir/Users/kentino/Projects/Active/AudioForge/JUCE/modules/juce_audio_plugin_client/juce_audio_plugin_client_ARA.cpp.o
[ 88%] Building CXX object CMakeFiles/MIDIHarmonizer_VST3.dir/Users/kentino/Projects/Active/AudioForge/JUCE/modules/juce_audio_plugin_client/juce_audio_plugin_client_Standalone.cpp.o
[ 89%] Building CXX object CMakeFiles/MIDIHarmonizer_VST3.dir/Users/kentino/Projects/Active/AudioForge/JUCE/modules/juce_audio_plugin_client/juce_audio_plugin_client_Unity.cpp.o
[ 90%] Building CXX object CMakeFiles/MIDIHarmonizer_VST3.dir/Users/kentino/Projects/Active/AudioForge/JUCE/modules/juce_audio_plugin_client/juce_audio_plugin_client_AAX.mm.o
[ 92%] Building CXX object CMakeFiles/MIDIHarmonizer_VST3.dir/Users/kentino/Projects/Active/AudioForge/JUCE/modules/juce_audio_plugin_client/juce_audio_plugin_client_AU_1.mm.o
[ 93%] Building CXX object CMakeFiles/MIDIHarmonizer_VST3.dir/Users/kentino/Projects/Active/AudioForge/JUCE/modules/juce_audio_plugin_client/juce_audio_plugin_client_AU_2.mm.o
[ 94%] Building CXX object CMakeFiles/MIDIHarmonizer_VST3.dir/Users/kentino/Projects/Active/AudioForge/JUCE/modules/juce_audio_plugin_client/juce_audio_plugin_client_AUv3.mm.o
[ 96%] Building CXX object CMakeFiles/MIDIHarmonizer_VST3.dir/Users/kentino/Projects/Active/AudioForge/JUCE/modules/juce_audio_plugin_client/juce_audio_plugin_client_LV2.mm.o
[ 97%] Building CXX object CMakeFiles/MIDIHarmonizer_VST3.dir/Users/kentino/Projects/Active/AudioForge/JUCE/modules/juce_audio_plugin_client/juce_audio_plugin_client_VST2.mm.o
[ 98%] Building CXX object CMakeFiles/MIDIHarmonizer_VST3.dir/Users/kentino/Projects/Active/AudioForge/JUCE/modules/juce_audio_plugin_client/juce_audio_plugin_client_VST3.mm.o
[100%] Linking CXX CFBundle shared module "MIDIHarmonizer_artefacts/Release/VST3/MIDI Harmonizer.vst3/Contents/MacOS/MIDI Harmonizer"
/Users/kentino/Projects/Active/AudioForge/plugins/MIDIHarmonizer/build/MIDIHarmonizer_artefacts/Release/VST3/MIDI Harmonizer.vst3: code has no resources but signature indicates they must be present
-- Replacing invalid signature with ad-hoc signature
/Users/kentino/Projects/Active/AudioForge/plugins/MIDIHarmonizer/build/MIDIHarmonizer_artefacts/Release/VST3/MIDI Harmonizer.vst3: replacing existing signature
removing moduleinfo.json
creating /Users/kentino/Projects/Active/AudioForge/plugins/MIDIHarmonizer/build/MIDIHarmonizer_artefacts/Release/VST3/MIDI Harmonizer.vst3/Contents/Resources/moduleinfo.json
[100%] Built target MIDIHarmonizer_VST3
